Microchip MPLAB XC8 Compiler V2.50

Linker command line:

-W-3 \
  --edf=C:\Program Files\Microchip\xc8\v2.50\pic\dat\20240725155939_en.msgs \
  -cn -h+dist/default/production\SISTEMA_DE_SEGURIDAD.X.production.sym \
  --cmf=dist/default/production\SISTEMA_DE_SEGURIDAD.X.production.cmf -z \
  -Q16F887 -oC:\Users\valen\AppData\Local\Temp\xcAsfd8.\driver_tmp_3.o \
  --defsym=__MPLAB_BUILD=1 --fixupoverflow=error \
  -Mdist/default/production/SISTEMA_DE_SEGURIDAD.X.production.map \
  --md=C:\Users\valen\AppData\Local\Temp\xcAsfd8.\driver_tmp_0.dat -E1 \
  -ver=XC8 Compiler --acfsm=1493 -ACODE=00h-07FFhx4 -ASTRCODE=00h-01FFFh \
  -ASTRING=00h-0FFhx32 -ACONST=00h-0FFhx32 -AENTRY=00h-0FFhx32 \
  -ACOMMON=070h-07Fh -ABANK0=020h-06Fh -ABANK1=0A0h-0EFh \
  -ABANK2=0110h-016Fh -ABANK3=0190h-01EFh \
  -ARAM=020h-06Fh,0A0h-0EFh,0110h-016Fh,0190h-01EFh \
  -AABS1=020h-07Fh,0A0h-0EFh,0110h-016Fh,0190h-01EFh -ASFR0=00h-01Fh \
  -ASFR1=080h-09Fh -ASFR2=0100h-010Fh -ASFR3=0180h-018Fh \
  -ACONFIG=02007h-02008h -DCONFIG=2 -AIDLOC=02000h-02003h -DIDLOC=2 \
  -AEEDATA=00h-0FFh/02100h -peeprom_data=EEDATA -DEEDATA=2 -DCODE=2 \
  -DSTRCODE=2 -DSTRING=2 -DCONST=2 -DENTRY=2 \
  -preset_vec=00h,intentry,sivt,init,end_init -ppowerup=CODE -pcinit=CODE \
  -pfunctab=ENTRY -k \
  C:\Users\valen\AppData\Local\Temp\xcAsfd8.\driver_tmp_17.o \
  dist/default/production\SISTEMA_DE_SEGURIDAD.X.production.o 

Object code version is 3.11

Machine type is 16F887



                Name                               Link     Load   Length Selector   Space Scale
C:\Users\valen\AppData\Local\Temp\xcAsfd8.\driver_tmp_17.o
                end_init                              0        0        3        0       0
                config                             2007     2007        2        0       4
dist/default/production\SISTEMA_DE_SEGURIDAD.X.production.o
                cinit                               7DA      7DA       26      FB4       0
                config                             2007     2007        2        0       4
                text30                              B01      B01       36     1602       0
                text29                              97D      97D       10     12FA       0
                text28                              AAA      AAA       2A     1554       0
                text27                              B37      B37       36     166E       0
                text26                              AD4      AD4       2D     15A8       0
                text25                              A35      A35       26     146A       0
                text24                              A82      A82       28     1504       0
                text23                              9AE      9AE       13     135C       0
                text22                              BDB      BDB       51     17B6       0
                text21                              A5B      A5B       27     14B6       0
                text20                              498      498      342      930       0
                text19                              E0F      E0F       76     1C1E       0
                text18                                A        A       B4       14       0
                text17                              98D      98D       10     131A       0
                text16                              B6D      B6D       36     16DA       0
                text15                              9D4      9D4       19     13A8       0
                text14                              CDB      CDB       63     19B6       0
                text13                              F1F      F1F       E1     1E3E       0
                text12                              96D      96D        8     12DA       0
                text11                              DA1      DA1       6E     1B42       0
                text10                              1AC      1AC       EF      358       0
                text9                               D3E      D3E       63     1A7C       0
                text8                               C2C      C2C       57     1858       0
                text7                               99D      99D       11     133A       0
                text6                                 9        9        1       12       0
                text5                               E85      E85       9A     1D0A       0
                text4                                BE       BE       EE      17C       0
                text3                               A10      A10       25     1420       0
                text2                               9ED      9ED       23     13DA       0
                text1                               C83      C83       58     1906       0
                maintext                            29B      29B      1FD      536       0
                cstackBANK0                          20       20       4E       20       1
                cstackCOMMON                         70       70        E       70       1
                clrtext                             975      975        8     12EA       0
                inittext                            9C1      9C1       13     1382       0
                bssBANK3                            190      190       20      190       1
                dataBANK1                            A0       A0       38       A0       1
                bssBANK1                             D8       D8        D       A0       1
                bssBANK0                             6E       6E        2       20       1
                strings                             800      800       7F     1000       0
                idataBANK1                          BA3      BA3       38     1746       0

TOTAL           Name                               Link     Load   Length     Space
        CLASS   CODE           
                end_init                              0        0        3         0
                cinit                               7DA      7DA       26         0
                text30                              B01      B01       36         0
                text29                              97D      97D       10         0
                text28                              AAA      AAA       2A         0
                text27                              B37      B37       36         0
                text26                              AD4      AD4       2D         0
                text25                              A35      A35       26         0
                text24                              A82      A82       28         0
                text23                              9AE      9AE       13         0
                text22                              BDB      BDB       51         0
                text21                              A5B      A5B       27         0
                text20                              498      498      342         0
                text19                              E0F      E0F       76         0
                text18                                A        A       B4         0
                text17                              98D      98D       10         0
                text16                              B6D      B6D       36         0
                text15                              9D4      9D4       19         0
                text14                              CDB      CDB       63         0
                text13                              F1F      F1F       E1         0
                text12                              96D      96D        8         0
                text11                              DA1      DA1       6E         0
                text10                              1AC      1AC       EF         0
                text9                               D3E      D3E       63         0
                text8                               C2C      C2C       57         0
                text7                               99D      99D       11         0
                text6                                 9        9        1         0
                text5                               E85      E85       9A         0
                text4                                BE       BE       EE         0
                text3                               A10      A10       25         0
                text2                               9ED      9ED       23         0
                text1                               C83      C83       58         0
                maintext                            29B      29B      1FD         0
                clrtext                             975      975        8         0
                inittext                            9C1      9C1       13         0
                idataBANK1                          BA3      BA3       38         0

        CLASS   STRCODE        

        CLASS   STRING         
                strings                             800      800       7F         0

        CLASS   CONST          

        CLASS   ENTRY          

        CLASS   COMMON         
                cstackCOMMON                         70       70        E         1

        CLASS   BANK0          
                cstackBANK0                          20       20       4E         1
                bssBANK0                             6E       6E        2         1

        CLASS   BANK1          
                dataBANK1                            A0       A0       38         1
                bssBANK1                             D8       D8        D         1

        CLASS   BANK2          

        CLASS   BANK3          
                bssBANK3                            190      190       20         1

        CLASS   RAM            

        CLASS   ABS1           
                abs_s1                               7E       7E        2         1

        CLASS   SFR0           

        CLASS   SFR1           

        CLASS   SFR2           

        CLASS   SFR3           

        CLASS   CONFIG         
                config                             2007     2007        2         4

        CLASS   IDLOC          

        CLASS   EEDATA         

        CLASS   HEAP           

        CLASS   STACK          



SEGMENTS        Name                           Load    Length   Top    Selector   Space  Class     Delta

                reset_vec                      000000  000003  000003         0       0  CODE        2
                text6                          000009  000001  00000A        12       0  CODE        2
                text18                         00000A  0000B4  0000BE        14       0  CODE        2
                cstackBANK0                    000020  000050  000070        20       1  BANK0       1
                cstackCOMMON                   000070  00000E  00007E        70       1  COMMON      1
                dataBANK1                      0000A0  000045  0000E5        A0       1  BANK1       1
                text4                          0000BE  0000EE  0001AC       17C       0  CODE        2
                bssBANK3                       000190  000020  0001B0       190       1  BANK3       1
                text10                         0001AC  0000EF  00029B       358       0  CODE        2
                maintext                       00029B  0001FD  000498       536       0  CODE        2
                text20                         000498  000342  0007DA       930       0  CODE        2
                cinit                          0007DA  000026  000800       FB4       0  CODE        2
                strings                        000800  00007F  00087F      1000       0  STRING      2
                text12                         00096D  000008  000975      12DA       0  CODE        2
                clrtext                        000975  000008  00097D      12EA       0  CODE        2
                text29                         00097D  000010  00098D      12FA       0  CODE        2
                text17                         00098D  000010  00099D      131A       0  CODE        2
                text7                          00099D  000011  0009AE      133A       0  CODE        2
                text23                         0009AE  000013  0009C1      135C       0  CODE        2
                inittext                       0009C1  000013  0009D4      1382       0  CODE        2
                text15                         0009D4  000019  0009ED      13A8       0  CODE        2
                text2                          0009ED  000023  000A10      13DA       0  CODE        2
                text3                          000A10  000025  000A35      1420       0  CODE        2
                text25                         000A35  000026  000A5B      146A       0  CODE        2
                text21                         000A5B  000027  000A82      14B6       0  CODE        2
                text24                         000A82  000028  000AAA      1504       0  CODE        2
                text28                         000AAA  00002A  000AD4      1554       0  CODE        2
                text26                         000AD4  00002D  000B01      15A8       0  CODE        2
                text30                         000B01  000036  000B37      1602       0  CODE        2
                text27                         000B37  000036  000B6D      166E       0  CODE        2
                text16                         000B6D  000036  000BA3      16DA       0  CODE        2
                idataBANK1                     000BA3  000038  000BDB      1746       0  CODE        2
                text22                         000BDB  000051  000C2C      17B6       0  CODE        2
                text8                          000C2C  000057  000C83      1858       0  CODE        2
                text1                          000C83  000058  000CDB      1906       0  CODE        2
                text14                         000CDB  000063  000D3E      19B6       0  CODE        2
                text9                          000D3E  000063  000DA1      1A7C       0  CODE        2
                text11                         000DA1  00006E  000E0F      1B42       0  CODE        2
                text19                         000E0F  000076  000E85      1C1E       0  CODE        2
                text5                          000E85  00009A  000F1F      1D0A       0  CODE        2
                text13                         000F1F  0000E1  001000      1E3E       0  CODE        2


UNUSED ADDRESS RANGES

        Name                Unused          Largest block    Delta
        BANK1            00E5-00EF              B           1
        BANK2            0110-016F             60           1
        BANK3            01B0-01EF             40           1
        CODE             0003-0008              6           2
                         087F-096C             EE
                         1000-1FFF            800
        CONST            0003-0008              6           2
                         087F-096C             81
                         1000-1FFF            100
        EEDATA           2100-21FF            100           2
        ENTRY            0003-0008              6           2
                         087F-096C             81
                         1000-1FFF            100
        IDLOC            2000-2003              4           2
        RAM              00E5-00EF              B           1
                         0110-016F             60
                         01B0-01EF             40
        SFR0             0000-001F             20           1
        SFR1             0080-009F             20           1
        SFR2             0100-010F             10           1
        SFR3             0180-018F             10           1
        STRCODE          0003-0008              6           2
                         087F-096C             EE
                         1000-1FFF           1000
        STRING           0003-0008              6           2
                         087F-096C             81
                         1000-1FFF            100

                                  Symbol Table

?__Umul8_16                cstackCOMMON 0070
?___awdiv                  cstackCOMMON 0070
?___awmod                  cstackCOMMON 0070
?___flmul                  cstackBANK0  0020
?___fltol                  cstackBANK0  003A
?___xxtofl                 cstackCOMMON 0070
?_abs                      cstackCOMMON 0076
?_adc_read                 cstackCOMMON 0070
?_sprintf                  cstackBANK0  0031
?_strncmp                  cstackCOMMON 0070
?_vfprintf                 cstackBANK0  002D
LCD_Char@dat               cstackCOMMON 0072
LCD_Command@cmd            cstackCOMMON 0072
LCD_Custom_Char@i          cstackCOMMON 0076
LCD_Custom_Char@loc        cstackCOMMON 0075
LCD_Custom_Char@msg        cstackCOMMON 0073
LCD_String@msg             cstackCOMMON 0073
LCD_String_xy@location     cstackCOMMON 0078
LCD_String_xy@msg          cstackCOMMON 0076
LCD_String_xy@pos          cstackCOMMON 0075
LCD_String_xy@row          cstackCOMMON 0077
Lmain@i                    cstackCOMMON 0079
_ADCON0bits                (abs)        001F
_ADCON1bits                (abs)        009F
_ADRESH                    (abs)        001E
_ADRESL                    (abs)        009E
_ANSEL                     (abs)        0188
_ANSELH                    (abs)        0189
_LCD_Char                  text27       0B37
_LCD_Clear                 text29       097D
_LCD_Command               text30       0B01
_LCD_Custom_Char           text26       0AD4
_LCD_Init                  text28       0AAA
_LCD_String                text25       0A35
_LCD_String_xy             text24       0A82
_Lmain                     text22       0BDB
_OPTION_REGbits            (abs)        0081
_OSCCON                    (abs)        008F
_PORTB                     (abs)        0006
_PORTC                     (abs)        0007
_PORTCbits                 (abs)        0007
_PORTD                     (abs)        0008
_PORTE                     (abs)        0009
_PORTEbits                 (abs)        0009
_TRISB                     (abs)        0086
_TRISC                     (abs)        0087
_TRISD                     (abs)        0088
_TRISE                     (abs)        0089
__H__absolute__            __absolute__ 0000
__Habs1                    abs1         0000
__Hbank0                   bank0        0000
__Hbank1                   bank1        0000
__Hbank2                   bank2        0000
__Hbank3                   bank3        0000
__HbssBANK0                bssBANK0     0000
__HbssBANK1                bssBANK1     0000
__HbssBANK3                bssBANK3     0000
__Hcinit                   cinit        0800
__Hclrtext                 clrtext      0000
__Hcode                    code         0000
__Hcommon                  common       0000
__Hconfig                  config       2009
__HcstackBANK0             cstackBANK0  0000
__HcstackCOMMON            cstackCOMMON 0000
__HdataBANK1               dataBANK1    0000
__Heeprom_data             eeprom_data  0000
__Hend_init                end_init     0003
__Hfunctab                 functab      0000
__Hheap                    heap         0000
__HidataBANK1              idataBANK1   0000
__Hinit                    init         0000
__Hinittext                inittext     0000
__Hintentry                intentry     0000
__Hmaintext                maintext     0000
__Hpowerup                 powerup      0000
__Hram                     ram          0000
__Hreset_vec               reset_vec    0000
__Hsfr0                    sfr0         0000
__Hsfr1                    sfr1         0000
__Hsfr2                    sfr2         0000
__Hsfr3                    sfr3         0000
__Hsivt                    sivt         0000
__Hspace_0                 (abs)        1000
__Hspace_1                 (abs)        01B0
__Hspace_2                 (abs)        0000
__Hspace_3                 (abs)        0000
__Hspace_4                 (abs)        4010
__Hstack                   stack        0000
__Hstrings                 strings      0000
__Htext                    text         0000
__L__absolute__            __absolute__ 0000
__Labs1                    abs1         0000
__Lbank0                   bank0        0000
__Lbank1                   bank1        0000
__Lbank2                   bank2        0000
__Lbank3                   bank3        0000
__LbssBANK0                bssBANK0     0000
__LbssBANK1                bssBANK1     0000
__LbssBANK3                bssBANK3     0000
__Lcinit                   cinit        07DA
__Lclrtext                 clrtext      0000
__Lcode                    code         0000
__Lcommon                  common       0000
__Lconfig                  config       0000
__LcstackBANK0             cstackBANK0  0000
__LcstackCOMMON            cstackCOMMON 0000
__LdataBANK1               dataBANK1    0000
__Leeprom_data             eeprom_data  0000
__Lend_init                end_init     0000
__Lfunctab                 functab      0000
__Lheap                    heap         0000
__LidataBANK1              idataBANK1   0000
__Linit                    init         0000
__Linittext                inittext     0000
__Lintentry                intentry     0000
__Lmaintext                maintext     0000
__Lpowerup                 powerup      0000
__Lram                     ram          0000
__Lreset_vec               reset_vec    0000
__Lsfr0                    sfr0         0000
__Lsfr1                    sfr1         0000
__Lsfr2                    sfr2         0000
__Lsfr3                    sfr3         0000
__Lsivt                    sivt         0000
__Lspace_0                 (abs)        0000
__Lspace_1                 (abs)        0000
__Lspace_2                 (abs)        0000
__Lspace_3                 (abs)        0000
__Lspace_4                 (abs)        0000
__Lstack                   stack        0000
__Lstrings                 strings      0000
__Ltext                    text         0000
__S0                       (abs)        1000
__S1                       (abs)        01B0
__S3                       (abs)        0000
__Umul8_16                 text21       0A5B
__Umul8_16@multiplicand    cstackCOMMON 0070
__Umul8_16@multiplier      cstackCOMMON 0078
__Umul8_16@product         cstackCOMMON 0074
__Umul8_16@word_mpld       cstackCOMMON 0076
___awdiv                   text9        0D3E
___awdiv@counter           cstackCOMMON 0074
___awdiv@dividend          cstackCOMMON 0072
___awdiv@divisor           cstackCOMMON 0070
___awdiv@quotient          cstackCOMMON 0076
___awdiv@sign              cstackCOMMON 0075
___awmod                   text8        0C2C
___awmod@counter           cstackCOMMON 0074
___awmod@dividend          cstackCOMMON 0072
___awmod@divisor           cstackCOMMON 0070
___awmod@sign              cstackCOMMON 0075
___bmul                    text23       09AE
___bmul@multiplicand       cstackCOMMON 0070
___bmul@multiplier         cstackCOMMON 0072
___bmul@product            cstackCOMMON 0071
___flmul                   text20       0498
___flmul@a                 cstackBANK0  0024
___flmul@aexp              cstackBANK0  0032
___flmul@b                 cstackBANK0  0020
___flmul@bexp              cstackBANK0  0033
___flmul@grs               cstackBANK0  002E
___flmul@prod              cstackBANK0  0034
___flmul@sign              cstackBANK0  002D
___flmul@temp              cstackBANK0  0038
___fltol                   text19       0E0F
___fltol@exp1              cstackBANK0  0043
___fltol@f1                cstackBANK0  003A
___fltol@sign1             cstackBANK0  0042
___heap_hi                 (abs)        0000
___heap_lo                 (abs)        0000
___int_sp                  stack        0000
___int_stack_hi            stack        0000
___int_stack_lo            stack        0000
___latbits                 (abs)        0002
___sp                      stack        0000
___stack_hi                stack        0000
___stack_lo                stack        0000
___stackhi                 (abs)        0000
___stacklo                 (abs)        0000
___xxtofl                  text18       000A
___xxtofl@arg              cstackCOMMON 007A
___xxtofl@exp              cstackCOMMON 0079
___xxtofl@sign             cstackCOMMON 0078
___xxtofl@val              cstackCOMMON 0070
__end_of_LCD_Char          text27       0B6D
__end_of_LCD_Clear         text29       098D
__end_of_LCD_Command       text30       0B37
__end_of_LCD_Custom_Char   text26       0B01
__end_of_LCD_Init          text28       0AD4
__end_of_LCD_String        text25       0A5B
__end_of_LCD_String_xy     text24       0AAA
__end_of_Lmain             text22       0C2C
__end_of__Umul8_16         text21       0A82
__end_of___awdiv           text9        0DA1
__end_of___awmod           text8        0C83
__end_of___bmul            text23       09C1
__end_of___flmul           text20       07DA
__end_of___fltol           text19       0E85
__end_of___xxtofl          text18       00BE
__end_of__initialization   cinit        07FC
__end_of__stringtab        strings      0810
__end_of_abs               text7        09AE
__end_of_adc_init          text17       099D
__end_of_adc_read          text16       0BA3
__end_of_blink_led         text14       0D3E
__end_of_delay_ms_variable text15       09ED
__end_of_fputc             text5        0F1F
__end_of_keypad_getkey     text13       1000
__end_of_keypad_init       text12       0975
__end_of_main              maintext     0498
__end_of_password          strings      0815
__end_of_putch             text6        000A
__end_of_secuencia1        text11       0E0F
__end_of_secuencia5        text10       029B
__end_of_sprintf           text2        0A10
__end_of_strncmp           text1        0CDB
__end_of_vfpfcnvrt         text4        01AC
__end_of_vfprintf          text3        0A35
__initialization           cinit        07DA
__pbssBANK0                bssBANK0     006E
__pbssBANK1                bssBANK1     00D8
__pbssBANK3                bssBANK3     0190
__pcstackBANK0             cstackBANK0  0020
__pcstackCOMMON            cstackCOMMON 0070
__pdataBANK1               dataBANK1    00A0
__pidataBANK1              idataBANK1   0BA3
__pmaintext                maintext     029B
__pstrings                 strings      0800
__ptext1                   text1        0C83
__ptext10                  text10       01AC
__ptext11                  text11       0DA1
__ptext12                  text12       096D
__ptext13                  text13       0F1F
__ptext14                  text14       0CDB
__ptext15                  text15       09D4
__ptext16                  text16       0B6D
__ptext17                  text17       098D
__ptext18                  text18       000A
__ptext19                  text19       0E0F
__ptext2                   text2        09ED
__ptext20                  text20       0498
__ptext21                  text21       0A5B
__ptext22                  text22       0BDB
__ptext23                  text23       09AE
__ptext24                  text24       0A82
__ptext25                  text25       0A35
__ptext26                  text26       0AD4
__ptext27                  text27       0B37
__ptext28                  text28       0AAA
__ptext29                  text29       097D
__ptext3                   text3        0A10
__ptext30                  text30       0B01
__ptext4                   text4        00BE
__ptext5                   text5        0E85
__ptext6                   text6        0009
__ptext7                   text7        099D
__ptext8                   text8        0C2C
__ptext9                   text9        0D3E
__stringbase               strings      080F
__stringtab                strings      0800
_abs                       text7        099D
_adc_init                  text17       098D
_adc_read                  text16       0B6D
_blink_led                 text14       0CDB
_celsius                   bssBANK1     00DC
_character1                dataBANK1    00D0
_character2                dataBANK1    00C8
_character3                dataBANK1    00C0
_character4                dataBANK1    00B8
_character5                dataBANK1    00B0
_dbuf                      bssBANK3     0190
_delay_ms_variable         text15       09D4
_flags                     bssBANK0     006E
_fputc                     text5        0E85
_idx                       bssBANK0     006F
_intentos                  bssBANK1     00DE
_keypad_getkey             text13       0F1F
_keypad_init               text12       096D
_main                      maintext     029B
_pass_user                 bssBANK1     00E0
_password                  strings      0810
_prec                      bssBANK1     00DA
_putch                     text6        0009
_secuencia1                text11       0DA1
_secuencia5                text10       01AC
_sprintf                   text2        09ED
_strncmp                   text1        0C83
_vfpfcnvrt                 text4        00BE
_vfprintf                  text3        0A10
_width                     bssBANK1     00D8
abs@a                      cstackCOMMON 0076
adc_read@channel           cstackCOMMON 0070
adc_read@value_adc         cstackCOMMON 0076
blink_led@duration         cstackCOMMON 0078
blink_led@elapsed_time     cstackBANK0  0020
blink_led@led              cstackBANK0  0022
blink_led@off_time         cstackCOMMON 0076
blink_led@on_time          cstackCOMMON 0074
btemp                      (abs)        007E
clear_ram0                 clrtext      0975
delay_ms_variable@ms       cstackCOMMON 0070
end_of_initialization      cinit        07FC
fputc@c                    cstackCOMMON 0070
fputc@fp                   cstackCOMMON 0072
init_fetch0                inittext     09C1
init_ram0                  inittext     09C5
intlevel0                  functab      0000
intlevel1                  functab      0000
intlevel2                  functab      0000
intlevel3                  functab      0000
intlevel4                  functab      0000
intlevel5                  functab      0000
keypad_getkey@F1398        dataBANK1    00A0
keypad_getkey@i            cstackBANK0  0031
keypad_getkey@letras       cstackBANK0  0020
keypad_getkey@valor        cstackBANK0  0030
main@StringTemperature     cstackBANK0  0047
main@key                   cstackBANK0  006D
main@luz                   cstackBANK0  0069
main@temperatura           cstackBANK0  0067
main@value_adc             cstackBANK0  006B
reset_vec                  reset_vec    0000
secuencia1@i               cstackCOMMON 0073
secuencia1@var3            cstackCOMMON 0077
secuencia1@var4            cstackCOMMON 0079
secuencia1@var5            cstackCOMMON 0075
secuencia5@i               cstackBANK0  0020
secuencia5@i_297           cstackBANK0  0022
secuencia5@var1            cstackBANK0  002A
secuencia5@var12           cstackBANK0  0024
secuencia5@var2            cstackBANK0  002C
secuencia5@var6            cstackBANK0  002E
secuencia5@var7            cstackBANK0  0028
secuencia5@var8            cstackBANK0  0026
sprintf@ap                 cstackBANK0  0038
sprintf@f                  cstackBANK0  0039
sprintf@fmt                cstackBANK0  0032
sprintf@s                  cstackBANK0  0031
start                      init         0000
start_initialization       cinit        07DA
strncmp@l                  cstackCOMMON 0070
strncmp@n                  cstackCOMMON 0072
strncmp@r                  cstackCOMMON 0071
vfpfcnvrt@ap               cstackBANK0  0023
vfpfcnvrt@c                cstackBANK0  002C
vfpfcnvrt@convarg          cstackBANK0  0028
vfpfcnvrt@cp               cstackBANK0  0027
vfpfcnvrt@done             cstackBANK0  0026
vfpfcnvrt@fmt              cstackBANK0  0022
vfpfcnvrt@fp               cstackBANK0  0020
vfprintf@ap                cstackBANK0  0030
vfprintf@cfmt              cstackCOMMON 007D
vfprintf@fmt               cstackBANK0  002F
vfprintf@fp                cstackBANK0  002D
wtemp0                     (abs)        007E


MODULE INFORMATION

Module		Function		Class		Link	Load	Size
KEYPAD.c
		_keypad_init   		CODE           	096D	0000	8
		_keypad_getkey 		CODE           	0F1F	0000	225

KEYPAD.c estimated size: 233

adc_conversion.c
		_adc_read      		CODE           	0B6D	0000	54
		_adc_init      		CODE           	098D	0000	16

adc_conversion.c estimated size: 70

C:\Program Files\Microchip\xc8\v2.50\pic\sources\c99\common\strncmp.c
		_strncmp       		CODE           	0C83	0000	88

C:\Program Files\Microchip\xc8\v2.50\pic\sources\c99\common\strncmp.c estimated size: 88

C:\Program Files\Microchip\xc8\v2.50\pic\sources\c99\common\sprcmul.c
		___flmul       		CODE           	0498	0000	834

C:\Program Files\Microchip\xc8\v2.50\pic\sources\c99\common\sprcmul.c estimated size: 834

C:\Program Files\Microchip\xc8\v2.50\pic\sources\c99\common\awmod.c
		___awmod       		CODE           	0C2C	0000	87

C:\Program Files\Microchip\xc8\v2.50\pic\sources\c99\common\awmod.c estimated size: 87

C:\Program Files\Microchip\xc8\v2.50\pic\sources\c99\common\putch.c
		_putch         		CODE           	0009	0000	1

C:\Program Files\Microchip\xc8\v2.50\pic\sources\c99\common\putch.c estimated size: 1

C:\Program Files\Microchip\xc8\v2.50\pic\sources\c99\common\abs.c
		_abs           		CODE           	099D	0000	17

C:\Program Files\Microchip\xc8\v2.50\pic\sources\c99\common\abs.c estimated size: 17

C:\Program Files\Microchip\xc8\v2.50\pic\sources\c99\common\xxtofl.c
		___xxtofl      		CODE           	000A	0000	180

C:\Program Files\Microchip\xc8\v2.50\pic\sources\c99\common\xxtofl.c estimated size: 180

C:\Program Files\Microchip\xc8\v2.50\pic\sources\c99\common\Umul8_16.c
		__Umul8_16     		CODE           	0A5B	0000	39

C:\Program Files\Microchip\xc8\v2.50\pic\sources\c99\common\Umul8_16.c estimated size: 39

C:\Program Files\Microchip\xc8\v2.50\pic\sources\c99\common\nf_sprintf.c
		_sprintf       		CODE           	09ED	0000	35

C:\Program Files\Microchip\xc8\v2.50\pic\sources\c99\common\nf_sprintf.c estimated size: 35

C:\Program Files\Microchip\xc8\v2.50\pic\sources\c99\common\nf_fputc.c
		_fputc         		CODE           	0E85	0000	154

C:\Program Files\Microchip\xc8\v2.50\pic\sources\c99\common\nf_fputc.c estimated size: 154

shared
		__stringtab    		STRING         	0800	0000	16
		_password      		STRING         	0810	0000	5
		__initialization		CODE           	07DA	0000	34

shared estimated size: 55

C:\Program Files\Microchip\xc8\v2.50\pic\sources\c99\common\awdiv.c
		___awdiv       		CODE           	0D3E	0000	99

C:\Program Files\Microchip\xc8\v2.50\pic\sources\c99\common\awdiv.c estimated size: 99

C:\Program Files\Microchip\xc8\v2.50\pic\sources\c99\common\fltol.c
		___fltol       		CODE           	0E0F	0000	118

C:\Program Files\Microchip\xc8\v2.50\pic\sources\c99\common\fltol.c estimated size: 118

C:\Program Files\Microchip\xc8\v2.50\pic\sources\c99\common\doprnt.c
		_vfpfcnvrt     		CODE           	00BE	0000	238
		_vfprintf      		CODE           	0A10	0000	37

C:\Program Files\Microchip\xc8\v2.50\pic\sources\c99\common\doprnt.c estimated size: 275

MAIN.c
		_secuencia1    		CODE           	0DA1	0000	110
		_secuencia5    		CODE           	01AC	0000	239
		_main          		CODE           	029B	0000	509
		_blink_led     		CODE           	0CDB	0000	99
		_delay_ms_variable		CODE           	09D4	0000	25

MAIN.c estimated size: 982

C:\Program Files\Microchip\xc8\v2.50\pic\sources\c99\common\Umul8.c
		___bmul        		CODE           	09AE	0000	19

C:\Program Files\Microchip\xc8\v2.50\pic\sources\c99\common\Umul8.c estimated size: 19

LCD.c
		_LCD_String    		CODE           	0A35	0000	38
		_LCD_Init      		CODE           	0AAA	0000	42
		_LCD_Command   		CODE           	0B01	0000	54
		_LCD_String_xy 		CODE           	0A82	0000	40
		_Lmain         		CODE           	0BDB	0000	81
		_LCD_Char      		CODE           	0B37	0000	54
		_LCD_Clear     		CODE           	097D	0000	16
		_LCD_Custom_Char		CODE           	0AD4	0000	45

LCD.c estimated size: 370

